I'm sorry, but errors were detected in your script. Please correct the
errors listed below, and try again.


File "game/script.rpy", line 4: init statement expects a non-empty block.
    init:
         ^

Ren'Py Version: Ren'Py 7.4.7.1838
Tue Aug  3 04:18:29 2021
